test_backup_exports_json_csv_and_markdown (test_backup_and_outbox.BackupAndOutboxTests.test_backup_exports_json_csv_and_markdown) ... ok
test_backup_path_cannot_escape_allowlist (test_backup_and_outbox.BackupAndOutboxTests.test_backup_path_cannot_escape_allowlist) ... ok
test_modified_backup_is_rejected (test_backup_and_outbox.BackupAndOutboxTests.test_modified_backup_is_rejected) ... ok
test_outbox_replay_is_safe_and_only_acks_success (test_backup_and_outbox.BackupAndOutboxTests.test_outbox_replay_is_safe_and_only_acks_success) ... ok
test_persistent_outbox_enforces_ids_idempotency_and_operation_allowlist (test_backup_and_outbox.BackupAndOutboxTests.test_persistent_outbox_enforces_ids_idempotency_and_operation_allowlist) ... ok
test_persistent_outbox_rejects_path_escape_and_tampering (test_backup_and_outbox.BackupAndOutboxTests.test_persistent_outbox_rejects_path_escape_and_tampering) ... ok
test_persistent_outbox_survives_restart_and_acks_only_success (test_backup_and_outbox.BackupAndOutboxTests.test_persistent_outbox_survives_restart_and_acks_only_success) ... ok
test_real_feishu_canary_backup_fixture_verifies (test_backup_and_outbox.BackupAndOutboxTests.test_real_feishu_canary_backup_fixture_verifies) ... ok
test_restore_rejects_stale_pre_restore_backup (test_backup_and_outbox.BackupAndOutboxTests.test_restore_rejects_stale_pre_restore_backup) ... ok
test_restore_requires_current_backup_confirmation_and_preserves_idempotency (test_backup_and_outbox.BackupAndOutboxTests.test_restore_requires_current_backup_confirmation_and_preserves_idempotency) ... ok
test_healthcheck_classifier_ignores_partial_word_inside_descriptions (test_bootstrap_and_offline.BootstrapContractTests.test_healthcheck_classifier_ignores_partial_word_inside_descriptions) ... ok
test_new_user_bootstrap_requires_verified_idempotent_live_writes (test_bootstrap_and_offline.BootstrapContractTests.test_new_user_bootstrap_requires_verified_idempotent_live_writes) ... ok
test_readme_uses_the_python39_compatible_bootstrap_entry (test_bootstrap_and_offline.BootstrapContractTests.test_readme_uses_the_python39_compatible_bootstrap_entry) ... ok
test_windows_vendored_dependencies_are_relocatable_and_repeatable (test_bootstrap_and_offline.BootstrapContractTests.test_windows_vendored_dependencies_are_relocatable_and_repeatable) ... ok
test_complete_label_is_refused_when_declared_files_are_missing (test_bootstrap_and_offline.OfflineBundleTests.test_complete_label_is_refused_when_declared_files_are_missing) ... ok
test_credential_like_file_is_rejected (test_bootstrap_and_offline.OfflineBundleTests.test_credential_like_file_is_rejected) ... ok
test_partial_bundle_is_private_self_describing_and_installable (test_bootstrap_and_offline.OfflineBundleTests.test_partial_bundle_is_private_self_describing_and_installable) ... ok
test_relocated_package_indexes_searches_and_replays_without_duplicates (test_bootstrap_and_offline.OfflineFirstUseTests.test_relocated_package_indexes_searches_and_replays_without_duplicates) ... ERROR
test_custom_paper_distinguishes_main_questions_from_answer_items (test_cheko_practice.ChekoPracticeTests.test_custom_paper_distinguishes_main_questions_from_answer_items) ... ok
test_custom_paper_rejects_inconsistent_count_or_accuracy (test_cheko_practice.ChekoPracticeTests.test_custom_paper_rejects_inconsistent_count_or_accuracy) ... ok
test_idempotent_result_replay_and_operation_allowlist (test_cheko_practice.ChekoPracticeTests.test_idempotent_result_replay_and_operation_allowlist) ... ok
test_navigation_mismatch_fails_without_advancing_state (test_cheko_practice.ChekoPracticeTests.test_navigation_mismatch_fails_without_advancing_state) ... ok
test_pre_submission_result_and_question_content_are_blocked (test_cheko_practice.ChekoPracticeTests.test_pre_submission_result_and_question_content_are_blocked) ... ok
test_real_sanitized_aggregate_report_imports_without_question_body (test_cheko_practice.ChekoPracticeTests.test_real_sanitized_aggregate_report_imports_without_question_body) ... ok
test_reliable_correct_item_does_not_schedule_review (test_cheko_practice.ChekoPracticeTests.test_reliable_correct_item_does_not_schedule_review) ... ok
test_result_import_requires_awaiting_human (test_cheko_practice.ChekoPracticeTests.test_result_import_requires_awaiting_human) ... ok
test_task_requires_count_limit_completion_and_allowlisted_route (test_cheko_practice.ChekoPracticeTests.test_task_requires_count_limit_completion_and_allowlisted_route) ... ok
test_verified_navigation_enters_awaiting_human_without_answer_content (test_cheko_practice.ChekoPracticeTests.test_verified_navigation_enters_awaiting_human_without_answer_content) ... ok
test_versioned_ui_contract_exposes_manual_fallbacks (test_cheko_practice.ChekoPracticeTests.test_versioned_ui_contract_exposes_manual_fallbacks) ... ok
test_workflow_test_blocks_state_writes_even_with_item_details (test_cheko_practice.ChekoPracticeTests.test_workflow_test_blocks_state_writes_even_with_item_details) ... ok
test_wrong_and_low_confidence_correct_both_schedule_review (test_cheko_practice.ChekoPracticeTests.test_wrong_and_low_confidence_correct_both_schedule_review) ... ok
test_case_and_essay_attempts_are_immutable_audited_writes (test_controller.CoachingTests.test_case_and_essay_attempts_are_immutable_audited_writes) ... ok
test_case_feedback_has_four_dimensions_and_sources (test_controller.CoachingTests.test_case_feedback_has_four_dimensions_and_sources) ... ok
test_case_grading_requires_user_submission (test_controller.CoachingTests.test_case_grading_requires_user_submission) ... ok
test_essay_refuses_to_invent_missing_facts (test_controller.CoachingTests.test_essay_refuses_to_invent_missing_facts) ... ok
test_essay_submission_tracks_version_time_words_and_rubric (test_controller.CoachingTests.test_essay_submission_tracks_version_time_words_and_rubric) ... ok
test_low_energy_reduces_high_load_priority_without_cancelling_plan (test_controller.PlannerTests.test_low_energy_reduces_high_load_priority_without_cancelling_plan) ... ok
test_neglected_subject_receives_explainable_boost (test_controller.PlannerTests.test_neglected_subject_receives_explainable_boost) ... ok
test_plan_is_bounded_and_reserves_checkpoint_time (test_controller.PlannerTests.test_plan_is_bounded_and_reserves_checkpoint_time) ... ok
test_state_must_be_observed_before_plan (test_controller.PlannerTests.test_state_must_be_observed_before_plan) ... ok
test_full_state_flow_waits_for_human_and_finishes_with_checkpoint (test_controller.StateMachineTests.test_full_state_flow_waits_for_human_and_finishes_with_checkpoint) ... ok
test_invalid_transition_is_truthfully_failed_and_audited (test_controller.StateMachineTests.test_invalid_transition_is_truthfully_failed_and_audited) ... ok
test_transition_retry_is_idempotent (test_controller.StateMachineTests.test_transition_retry_is_idempotent) ... ok
test_review_scheduler_advances_risk_and_delays_stable_evidence (test_controller.WeeklyReportTests.test_review_scheduler_advances_risk_and_delays_stable_evidence) ... ok
test_weekly_report_detects_underinvestment_and_dynamic_sprint (test_controller.WeeklyReportTests.test_weekly_report_detects_underinvestment_and_dynamic_sprint) ... ok
test_baidu_materials_are_connected_at_runtime_and_never_shipped_in_git (test_doubao_skills.DoubaoSkillPackageTests.test_baidu_materials_are_connected_at_runtime_and_never_shipped_in_git) ... ok
test_built_packages_use_named_skill_directory_format (test_doubao_skills.DoubaoSkillPackageTests.test_built_packages_use_named_skill_directory_format) ... ok
test_exact_nine_versioned_single_responsibility_skills (test_doubao_skills.DoubaoSkillPackageTests.test_exact_nine_versioned_single_responsibility_skills) ... ok
test_git_bootstrap_is_the_documented_delivery_entry (test_doubao_skills.DoubaoSkillPackageTests.test_git_bootstrap_is_the_documented_delivery_entry) ... ok
test_manifest_is_private_minimum_permission_and_no_scheduled_writes (test_doubao_skills.DoubaoSkillPackageTests.test_manifest_is_private_minimum_permission_and_no_scheduled_writes) ... ok
test_project_onboarding_does_not_require_exam_history (test_doubao_skills.DoubaoSkillPackageTests.test_project_onboarding_does_not_require_exam_history) ... ok
test_release_manifest_contains_no_private_feishu_identifiers (test_doubao_skills.DoubaoSkillPackageTests.test_release_manifest_contains_no_private_feishu_identifiers) ... ok
test_rendered_system_instructions_have_no_deployment_placeholders (test_doubao_skills.DoubaoSkillPackageTests.test_rendered_system_instructions_have_no_deployment_placeholders) ... ok
test_sensitive_and_cheko_operations_are_forbidden (test_doubao_skills.DoubaoSkillPackageTests.test_sensitive_and_cheko_operations_are_forbidden) ... ok
test_weekly_schedule_matches_release_target (test_doubao_skills.DoubaoSkillPackageTests.test_weekly_schedule_matches_release_target) ... ok
test_every_write_has_unique_request_and_audit_id (test_initialization.Phase6InitializationTests.test_every_write_has_unique_request_and_audit_id) ... ok
test_history_is_not_required_and_no_history_is_in_profile (test_initialization.Phase6InitializationTests.test_history_is_not_required_and_no_history_is_in_profile) ... ok
test_knowledge_map_does_not_infer_mastery_or_weights (test_initialization.Phase6InitializationTests.test_knowledge_map_does_not_infer_mastery_or_weights) ... ok
test_new_catalog_sizes_and_multiple_video_sources_are_supported (test_initialization.Phase6InitializationTests.test_new_catalog_sizes_and_multiple_video_sources_are_supported) ... ok
test_only_traceable_authorized_real_evidence_is_planned (test_initialization.Phase6InitializationTests.test_only_traceable_authorized_real_evidence_is_planned) ... ok
test_private_runtime_segment_plan_has_page_and_time_anchors (test_initialization.Phase6InitializationTests.test_private_runtime_segment_plan_has_page_and_time_anchors) ... skipped 'private runtime catalogs are intentionally absent from Git'
test_private_segments_replay_through_allowlisted_state_api (test_initialization.Phase6InitializationTests.test_private_segments_replay_through_allowlisted_state_api) ... skipped 'private runtime catalogs are intentionally absent from Git'
test_project_fact_v1_is_explicitly_empty (test_initialization.Phase6InitializationTests.test_project_fact_v1_is_explicitly_empty) ... ok
test_public_plan_replays_through_allowlisted_state_api (test_initialization.Phase6InitializationTests.test_public_plan_replays_through_allowlisted_state_api) ... ok
test_rendered_write_plan_matches_builder (test_initialization.Phase6InitializationTests.test_rendered_write_plan_matches_builder) ... ok
test_seven_day_plan_is_bounded_at_runtime (test_initialization.Phase6InitializationTests.test_seven_day_plan_is_bounded_at_runtime) ... ok
test_catalog_export_replay_is_idempotent_and_conflicts_fail_closed (test_materials.MaterialPipelineTests.test_catalog_export_replay_is_idempotent_and_conflicts_fail_closed) ... ok
test_chinese_extraction_quality_selects_only_unusable_pages_for_ocr (test_materials.MaterialPipelineTests.test_chinese_extraction_quality_selects_only_unusable_pages_for_ocr) ... ok
test_clip_subtitle_offset_preserves_original_video_timeline (test_materials.MaterialPipelineTests.test_clip_subtitle_offset_preserves_original_video_timeline) ... ok
test_hash_deduplicates_same_pdf_across_requests (test_materials.MaterialPipelineTests.test_hash_deduplicates_same_pdf_across_requests) ... ok
test_identical_request_replay_is_idempotent (test_materials.MaterialPipelineTests.test_identical_request_replay_is_idempotent) ... ok
test_invalid_pdf_gets_receipt_without_moving_source (test_materials.MaterialPipelineTests.test_invalid_pdf_gets_receipt_without_moving_source) ... ok
test_path_outside_authorized_root_is_blocked (test_materials.MaterialPipelineTests.test_path_outside_authorized_root_is_blocked) ... ok
test_pdf_page_extraction_search_and_source_anchor (test_materials.MaterialPipelineTests.test_pdf_page_extraction_search_and_source_anchor) ... ok
test_timestamped_subtitle_search (test_materials.MaterialPipelineTests.test_timestamped_subtitle_search) ... ok
test_transcription_uses_fixed_arguments_and_audited_idempotency (test_materials.MaterialPipelineTests.test_transcription_uses_fixed_arguments_and_audited_idempotency) ... ok
test_video_probe_and_audio_extraction (test_materials.MaterialPipelineTests.test_video_probe_and_audio_extraction) ... skipped 'ffmpeg is required'
test_watched_progress_requires_diagnosis_then_only_targeted_rewatch (test_materials.MaterialPipelineTests.test_watched_progress_requires_diagnosis_then_only_targeted_rewatch) ... ok
test_migration_gap_is_rejected (test_migrations.MigrationTests.test_migration_gap_is_rejected) ... ok
test_repository_migration_chain_reaches_v1 (test_migrations.MigrationTests.test_repository_migration_chain_reaches_v1) ... ok
test_checkpoint_requires_all_recovery_fields (test_state_service.StateServiceTests.test_checkpoint_requires_all_recovery_fields) ... ok
test_delete_requires_confirmation_and_backup (test_state_service.StateServiceTests.test_delete_requires_confirmation_and_backup) ... ok
test_immutable_event_cannot_be_overwritten (test_state_service.StateServiceTests.test_immutable_event_cannot_be_overwritten) ... ok
test_low_confidence_correct_choice_stays_a_risk (test_state_service.StateServiceTests.test_low_confidence_correct_choice_stays_a_risk) ... ok
test_profile_initializes_without_prior_exam_history (test_state_service.StateServiceTests.test_profile_initializes_without_prior_exam_history) ... ok
test_profile_write_is_idempotent (test_state_service.StateServiceTests.test_profile_write_is_idempotent) ... ok
test_request_id_cannot_be_reused_for_different_payload (test_state_service.StateServiceTests.test_request_id_cannot_be_reused_for_different_payload) ... ok
test_review_can_be_completed_and_same_topic_rescheduled (test_state_service.StateServiceTests.test_review_can_be_completed_and_same_topic_rescheduled) ... ok
test_review_queue_deduplicates_pending_topic_and_type (test_state_service.StateServiceTests.test_review_queue_deduplicates_pending_topic_and_type) ... ok
test_two_low_confidence_correct_choices_do_not_establish_level_three (test_state_service.StateServiceTests.test_two_low_confidence_correct_choices_do_not_establish_level_three) ... ok
test_two_reliable_choice_results_can_establish_level_three (test_state_service.StateServiceTests.test_two_reliable_choice_results_can_establish_level_three) ... ok
test_unknown_operation_is_blocked (test_state_service.StateServiceTests.test_unknown_operation_is_blocked) ... ok
test_untraceable_event_is_rejected_and_failure_audited (test_state_service.StateServiceTests.test_untraceable_event_is_rejected_and_failure_audited) ... ok
test_viewing_alone_cannot_raise_mastery_above_one (test_state_service.StateServiceTests.test_viewing_alone_cannot_raise_mastery_above_one) ... ok

======================================================================
ERROR: test_relocated_package_indexes_searches_and_replays_without_duplicates (test_bootstrap_and_offline.OfflineFirstUseTests.test_relocated_package_indexes_searches_and_replays_without_duplicates)
----------------------------------------------------------------------
Traceback (most recent call last):
  File "D:\a\ruankao_doubao\ruankao_doubao\tests\unit\test_bootstrap_and_offline.py", line 142, in test_relocated_package_indexes_searches_and_replays_without_duplicates
    from tests.unit.test_materials import write_minimal_pdf, MARKER
ModuleNotFoundError: No module named 'tests'

----------------------------------------------------------------------
Ran 94 tests in 0.951s

FAILED (errors=1, skipped=3)
